ca65 V2.19 - Git ad7c5a6
Main file   : main.asm
Current file: main.asm

000000r 1               .org $080D
00080D  1               .segment "STARTUP"
00080D  1               .segment "INIT"
00080D  1               .segment "ONCE"
00080D  1               .segment "CODE"
00080D  1               
00080D  1  4C 97 0D        jmp start
000810  1               
000810  1               .macro LOAD_r0 addr16
000810  1               	lda #<addr16
000810  1               	sta r0L
000810  1               	lda #>addr16
000810  1               	sta r0H
000810  1               .endmacro
000810  1               .macro SAVE_r0 addr16
000810  1               	lda r0L
000810  1               	sta addr16
000810  1               	lda r0H
000810  1               	sta addr16 + 1
000810  1               .endmacro
000810  1               .macro LOAD_r1 addr16
000810  1               	lda #<addr16
000810  1               	sta r1L
000810  1               	lda #>addr16
000810  1               	sta r1H
000810  1               .endmacro
000810  1               .macro LOAD_r3 addr16
000810  1               	lda #<addr16
000810  1               	sta r3L
000810  1               	lda #>addr16
000810  1               	sta r3H
000810  1               .endmacro
000810  1               
000810  1               .include "x16.inc"
000810  2               .ifndef X16_INC
000810  2               X16_INC = 1
000810  2               
000810  2               ; ------------------------------------------------------------
000810  2               ; Commodore 64 API
000810  2               ; ------------------------------------------------------------
000810  2               
000810  2               ; Channel I/O
000810  2               SETMSG		= $FF90 ; set verbosity
000810  2               READST		= $FFB7 ; return status byte
000810  2               SETLFS		= $FFBA ; set LA, FA and SA
000810  2               SETNAM		= $FFBD ; set filename
000810  2               OPEN		= $FFC0 ; open a channel
000810  2               CLOSE		= $FFC3 ; close a channel
000810  2               CHKIN		= $FFC6 ; set channel for character input
000810  2               CHKOUT		= $FFC9 ; set channel for character output
000810  2               CLRCHN		= $FFCC ; restore character I/O to screen/keyboard
000810  2               BASIN		= $FFCF ; get character
000810  2               BSOUT		= $FFD2 ; write character
000810  2               LOAD		= $FFD5 ; load a file into memory
000810  2               SAVE		= $FFD8 ; save a file from memory
000810  2               CLALL		= $FFE7 ; close all channels
000810  2               
000810  2               ; Commodore Peripheral Bus
000810  2               TALK		= $FFB4 ; send TALK command
000810  2               LISTEN		= $FFB1 ; send LISTEN command
000810  2               UNLSN		= $FFAE ; send UNLISTEN command
000810  2               UNTLK		= $FFAB ; send UNTALK command
000810  2               IECOUT		= $FFA8 ; send byte to serial bus
000810  2               IECIN		= $FFA5 ; read byte from serial bus
000810  2               SETTMO		= $FFA2 ; set timeout
000810  2               TKSA		= $FF96 ; send TALK secondary address
000810  2               SECOND		= $FF93 ; send LISTEN secondary address
000810  2               
000810  2               ; Memory
000810  2               MEMBOT		= $FF9C ; read/write address of start of usable RAM
000810  2               MEMTOP		= $FF99 ; read/write address of end of usable RAM
000810  2               
000810  2               ; Time
000810  2               RDTIM		= $FFDE ; read system clock
000810  2               SETTIM		= $FFDB ; write system clock
000810  2               UDTIM		= $FFEA ; advance clock
000810  2               
000810  2               ; Other:
000810  2               STOP		= $FFE1 ; test for STOP key
000810  2               GETIN		= $FFE4 ; get character from keyboard
000810  2               SCREEN		= $FFED ; get the screen resolution
000810  2               PLOT		= $FFF0 ; read/write cursor position
000810  2               IOBASE		= $FFF3 ; return start of I/O area
000810  2               
000810  2               ; ------------------------------------------------------------
000810  2               ; Commodore 128 API
000810  2               ; ------------------------------------------------------------
000810  2               
000810  2               CLOSE_ALL		= $FF4A ; close all files on a device
000810  2               LKUPLA		= $FF8D ; search tables for given LA
000810  2               LKUPSA		= $FF8A ; search tables for given SA
000810  2               DLCHR		= $FF62 ; activate a text mode font in the video hardware [not yet implemented]
000810  2               PFKEY		= $FF65 ; program a function key [not yet implemented]
000810  2               FETCH		= $FF74 ; LDA (fetvec),Y from any bank
000810  2               STASH		= $FF77 ; STA (stavec),Y to any bank
000810  2               CMPARE		= $FF7A ; CMP (cmpvec),Y to any bank
000810  2               PRIMM		= $FF7D ; print string following the caller’s code
000810  2               
000810  2               ; ------------------------------------------------------------
000810  2               ; Commander X16 API
000810  2               ; ------------------------------------------------------------
000810  2               
000810  2               ; Clock
000810  2               clock_set_date_time		= $FF4D ; set date and time
000810  2               clock_get_date_time		= $FF50 ; get date and time
000810  2               
000810  2               ; Mouse
000810  2               mouse_config			= $FF68 ; configure mouse pointer
000810  2               mouse_get				= $FF6B ; get state of mouse
000810  2               
000810  2               ; Joystick
000810  2               joystick_scan			= $FF53 ; query joysticks
000810  2               joystick_get			= $FF56 ; get state of one joystick
000810  2               
000810  2               ; Sprites
000810  2               sprite_set_image		= $FEF0 ; set the image of a sprite
000810  2               sprite_set_position		= $FEF3 ; set the position of a sprite
000810  2               
000810  2               ; Framebuffer
000810  2               FB_init					= $FEF6 ; enable graphics mode
000810  2               FB_get_info				= $FEF9 ; get screen size and color depth
000810  2               FB_set_palette			= $FEFC ; set (parts of) the palette
000810  2               FB_cursor_position		= $FEFF ; position the direct;access cursor
000810  2               FB_cursor_next_line		= $FF02 ; move direct;access cursor to next line
000810  2               FB_get_pixel			= $FF05 ; read one pixel, update cursor
000810  2               FB_get_pixels			= $FF08 ; copy pixels into RAM, update cursor
000810  2               FB_set_pixel			= $FF0B ; set one pixel, update cursor
000810  2               FB_set_pixels			= $FF0E ; copy pixels from RAM, update cursor
000810  2               FB_set_8_pixels			= $FF11 ; set 8 pixels from bit mask (transparent), update cursor
000810  2               FB_set_8_pixels_opaque	= $FF14 ; set 8 pixels from bit mask (opaque), update cursor
000810  2               FB_fill_pixels			= $FF17 ; fill pixels with constant color, update cursor
000810  2               FB_filter_pixels		= $FF1A ; apply transform to pixels, update cursor
000810  2               FB_move_pixels			= $FF1D ; copy horizontally consecutive pixels to a different position
000810  2               
000810  2               ; Graphics
000810  2               GRAPH_init				= $FF20 ; initialize graphics
000810  2               GRAPH_clear				= $FF23 ; clear screen
000810  2               GRAPH_set_window		= $FF26 ; set clipping region
000810  2               GRAPH_set_colors		= $FF29 ; set stroke, fill and background colors
000810  2               GRAPH_draw_line			= $FF2C ; draw a line
000810  2               GRAPH_draw_rect			= $FF2F ; draw a rectangle (optionally filled)
000810  2               GRAPH_move_rect			= $FF32 ; move pixels
000810  2               GRAPH_draw_oval			= $FF35 ; draw an oval or circle
000810  2               GRAPH_draw_image		= $FF38 ; draw a rectangular image
000810  2               GRAPH_set_font			= $FF3B ; set the current font
000810  2               GRAPH_get_char_size		= $FF3E ; get size and baseline of a character
000810  2               GRAPH_put_char			= $FF41 ; print a character
000810  2               
000810  2               ; Console
000810  2               CONSOLE_init					= $FEDB ; initialize console mode
000810  2               CONSOLE_put_char				= $FEDE ; print character to console
000810  2               CONSOLE_put_image				= $FED8 ; draw image as if it was a character
000810  2               CONSOLE_get_char				= $FEE1 ; get character from console
000810  2               CONSOLE_set_paging_message		= $FED5 ; set paging message or disable paging
000810  2               
000810  2               ; Other
000810  2               memory_fill				= $FEE4 ; fill memory region with a byte value
000810  2               memory_copy				= $FEE7 ; copy memory region
000810  2               memory_crc				= $FEEA ; calculate CRC16 of memory region
000810  2               memory_decompress		= $FEED ; decompress LZSA2 block
000810  2               entropy_get				= $FECF ; Get 24 random bits
000810  2               monitor					= $FF44 ; enter machine language monitor
000810  2               restore_basic			= $FF47 ; enter BASIC
000810  2               screen_set_mode			= $FF5F ; set screen mode
000810  2               screen_set_charset		= $FF62 ; activate 8x8 text mode charset
000810  2               
000810  2               ; ------------------------------------------------------------
000810  2               ; VRAM Addresses
000810  2               ; ------------------------------------------------------------
000810  2               
000810  2               VRAM_composer		= $F0000
000810  2               VRAM_hscale			= VRAM_composer+1
000810  2               VRAM_vscale			= VRAM_composer+2
000810  2               VRAM_palette		= $F1000
000810  2               VRAM_layer0			= $F2000
000810  2               VRAM_layer1			= $F3000
000810  2               VRAM_sprreg			= $F4000
000810  2               VRAM_sprattr		= $F5000
000810  2               VRAM_audio			= $F6000
000810  2               VRAM_spi			= $F7000
000810  2               VRAM_uart			= $F8000
000810  2               
000810  2               VROM_petscii				= $1F000
000810  2               
000810  2               ; ------------------------------------------------------------
000810  2               ; IRQs
000810  2               ; ------------------------------------------------------------
000810  2               
000810  2               IRQVec		= $0314
000810  2               BRKVec		= $0316
000810  2               NMIVec		= $0318
000810  2               
000810  2               
000810  2               ; ------------------------------------------------------------
000810  2               ; Virtual registers
000810  2               ; ------------------------------------------------------------
000810  2               r0			= $02
000810  2               r0L			= $02
000810  2               r0H			= $03
000810  2               r1			= $04
000810  2               r1L			= $04
000810  2               r1H			= $05
000810  2               r2			= $06
000810  2               r2L			= $06
000810  2               r2H			= $07
000810  2               r3			= $08
000810  2               r3L			= $08
000810  2               r3H			= $09
000810  2               r4			= $0a
000810  2               r4L			= $0a
000810  2               r4H			= $0b
000810  2               r5			= $0c
000810  2               r5L			= $0c
000810  2               r5H			= $0d
000810  2               r6			= $0e
000810  2               r6L			= $0e
000810  2               r6H			= $0f
000810  2               r7			= $10
000810  2               r7L			= $10
000810  2               r7H			= $11
000810  2               r8			= $12
000810  2               r8L			= $12
000810  2               r8H			= $13
000810  2               r9			= $14
000810  2               r9L			= $14
000810  2               r9H			= $15
000810  2               r10			= $16
000810  2               r10L		= $16
000810  2               r10H		= $17
000810  2               r11			= $18
000810  2               r11L		= $18
000810  2               r11H		= $19
000810  2               r12			= $1a
000810  2               r12L		= $1a
000810  2               r12H		= $1b
000810  2               r13			= $1c
000810  2               r13L		= $1c
000810  2               r13H		= $1d
000810  2               r14			= $1e
000810  2               r14L		= $1e
000810  2               r14H		= $1f
000810  2               r15			= $20
000810  2               r15L		= $20
000810  2               r15H		= $21
000810  2               
000810  2               
000810  2               .endif
000810  2               
000810  1               .include "vera.inc"
000810  2               ; License: Public Domain
000810  2               .ifndef VERA_INC
000810  2               VERA_INC = 1
000810  2               
000810  2               verareg =$9f20
000810  2               
000810  2               veralo  		= verareg+$0
000810  2               veramid 		= verareg+$1
000810  2               verahi  		= verareg+$2
000810  2               veradat 		= verareg+$3
000810  2               veradat2		= verareg+$4
000810  2               veractl 		= verareg+$5
000810  2               veraien 		= verareg+$6
000810  2               veraisr 		= verareg+$7
000810  2               verairqlo 		= verareg+$8
000810  2               
000810  2               ; DCSEl = 0
000810  2               veradcvideo		= verareg+$9
000810  2               
000810  2               VERA_VGA		= %00000001
000810  2               VERA_LAYER0		= %00010000
000810  2               VERA_LAYER1		= %00100000
000810  2               VERA_SPRITE		= %01000000
000810  2               
000810  2               veradchscale	= verareg+$a
000810  2               veradcvscale	= verareg+$b
000810  2               veradcborder	= verareg+$c
000810  2               
000810  2               ; DCSEl = 1
000810  2               veradchstart	= verareg+$9
000810  2               veradchstop		= verareg+$a
000810  2               veradcvstart	= verareg+$b
000810  2               veradcvstop		= verareg+$c
000810  2               
000810  2               ; L0
000810  2               veral0config	= verareg+$d
000810  2               veral0mapbase	= verareg+$e
000810  2               veral0tilebase	= verareg+$f
000810  2               VERA_L0_hscrolllo	= verareg+$10
000810  2               VERA_L0_hscrollhi	= verareg+$11
000810  2               veral0vscrolllo	= verareg+$12
000810  2               veral0vscrollhi	= verareg+$13
000810  2               
000810  2               ; L1
000810  2               veral1config	= verareg+$14
000810  2               veral1mapbase	= verareg+$15
000810  2               veral1tilebase	= verareg+$16
000810  2               VERA_L1_hscrolllo	= verareg+$17
000810  2               VERA_L1_hscrollhi	= verareg+$18
000810  2               veral1vscrolllo	= verareg+$19
000810  2               veral1vscrollhi	= verareg+$1a
000810  2               
000810  2               VERA_CONFIG_CLEAR_TILES=%00001111
000810  2               VERA_CONFIG_32x32 = 	%00000000
000810  2               VERA_CONFIG_32x64 = 	%00010000
000810  2               VERA_CONFIG_32x128 = 	%00100000
000810  2               VERA_CONFIG_32x256 = 	%00110000
000810  2               VERA_CONFIG_64x32 = 	%01000000
000810  2               VERA_CONFIG_128x32 = 	%10000000
000810  2               VERA_CONFIG_256x32 = 	%11000000
000810  2               VERA_CONFIG_64x64 = 	%01010000
000810  2               VERA_CONFIG_64x128 = 	%01100000
000810  2               VERA_CONFIG_64x256 = 	%01110000
000810  2               VERA_CONFIG_128x64 = 	%10010000
000810  2               VERA_CONFIG_128x128 = 	%10100000
000810  2               VERA_CONFIG_128x256 = 	%10110000
000810  2               VERA_CONFIG_256x64 = 	%11010000
000810  2               VERA_CONFIG_256x128 = 	%11100000
000810  2               VERA_CONFIG_256x256 = 	%11110000
000810  2               
000810  2               VERA_CONFIG_CLEAR_DEPTH=%00001111
000810  2               VERA_CONFIG_1BPP	=	%00000000
000810  2               VERA_CONFIG_2BPP	=	%00000001
000810  2               VERA_CONFIG_4BPP	=	%00000010
000810  2               VERA_CONFIG_8BPP	=	%00000011
000810  2               
000810  2               VERA_CLEAR_TILE_SIZE= %11111100
000810  2               VERA_TILE_8x8 		= %00000000
000810  2               VERA_TILE_8x16 		= %00000010
000810  2               VERA_TILE_16x8 		= %00000001
000810  2               VERA_TILE_16x16 	= %00000011
000810  2               
000810  2               VERA_TILEBASE_CLEAR_ADR = %00000011
000810  2               
000810  2               ; audio
000810  2               veraaudioctl	= verareg+$1b
000810  2               veraaudiorate	= verareg+$1c
000810  2               veraaudiodata	= verareg+$1d
000810  2               veraspidata		= verareg+$1e
000810  2               veraspictl		= verareg+$1f
000810  2               
000810  2               vram_sprd  = $1fc00
000810  2               
000810  2               AUTO_INC_0 		= $000000
000810  2               AUTO_INC_1 		= $100000
000810  2               AUTO_INC_2 		= $200000
000810  2               AUTO_INC_4 		= $300000
000810  2               AUTO_INC_8 		= $400000
000810  2               AUTO_INC_16		= $500000
000810  2               AUTO_INC_32		= $600000
000810  2               AUTO_INC_64		= $700000
000810  2               AUTO_INC_128	= $800000
000810  2               AUTO_INC_256	= $900000
000810  2               AUTO_INC_512	= $A00000
000810  2               AUTO_INC_40		= $B00000
000810  2               AUTO_INC_80		= $C00000
000810  2               AUTO_INC_160	= $C00000
000810  2               AUTO_INC_320	= $E00000
000810  2               AUTO_INC_640	= $F00000
000810  2               
000810  2               SPRITE_SIZE_8	= $0
000810  2               SPRITE_SIZE_16	= $1
000810  2               SPRITE_SIZE_32	= $2
000810  2               SPRITE_SIZE_64	= $3
000810  2               
000810  2               SPRITE_ZDEPTH_DISABLED = %00000000
000810  2               SPRITE_ZDEPTH_BGto0 = %00000100
000810  2               SPRITE_ZDEPTH_0to1 = %00001000
000810  2               SPRITE_ZDEPTH_TOP = %00001100
000810  2               
000810  2               SPRITE_FLIP_CLEAR = %11111100
000810  2               SPRITE_FLIP_NONE = %00000000
000810  2               SPRITE_FLIP_H = %00000001
000810  2               SPRITE_FLIP_V = %00000010
000810  2               
000810  2               veral0mode = %00010000
000810  2               VERA_VSYNC_BIT         = $01
000810  2               
000810  2               
000810  2               .macro vset addr
000810  2               	lda #0
000810  2               	sta veractl
000810  2               	lda #<(addr >> 16) | $10
000810  2               	sta verahi
000810  2               	lda #<(addr >> 8)
000810  2               	sta veramid
000810  2               	lda #<(addr)
000810  2               	sta veralo
000810  2               .endmacro
000810  2               
000810  2               .macro vset2 addr
000810  2               	lda #1
000810  2               	sta veractl
000810  2               	lda #<(addr >> 16) | $10
000810  2               	sta verahi
000810  2               	lda #<(addr >> 8)
000810  2               	sta veramid
000810  2               	lda #<(addr)
000810  2               	sta veralo
000810  2               .endmacro
000810  2               
000810  2               .macro vstore addr
000810  2               	pha
000810  2               	vset addr
000810  2               	pla
000810  2               	sta veradat
000810  2               .endmacro
000810  2               
000810  2               .macro vstore2 addr
000810  2               	pha
000810  2               	vset addr
000810  2               	pla
000810  2               	sta veradat2
000810  2               .endmacro
000810  2               
000810  2               .macro vload addr
000810  2               	vset addr
000810  2               	lda veradat
000810  2               .endmacro
000810  2               
000810  2               .macro vload2 addr
000810  2               	vset addr
000810  2               	lda veradat2
000810  2               .endmacro
000810  2               
000810  2               .macro sprset offset
000810  2               	lda #<(vram_sprd >> 16) | $10
000810  2               	sta verahi
000810  2               	txa
000810  2               	lsr
000810  2               	lsr
000810  2               	lsr
000810  2               	lsr
000810  2               	lsr
000810  2               	clc
000810  2               	adc #<((vram_sprd + offset) >> 8)
000810  2               	sta veramid
000810  2               	txa
000810  2               	asl
000810  2               	asl
000810  2               	asl
000810  2               	clc
000810  2               	adc #<(vram_sprd + offset)
000810  2               	sta veralo
000810  2               .endmacro
000810  2               
000810  2               .macro sprload offset
000810  2               	sprset offset
000810  2               	lda veradat
000810  2               .endmacro
000810  2               
000810  2               .macro sprload2 offset
000810  2               	sprset offset
000810  2               	lda veradat2
000810  2               .endmacro
000810  2               
000810  2               .macro sprstore offset
000810  2               	pha
000810  2               	sprset offset
000810  2               	pla
000810  2               	sta veradat
000810  2               .endmacro
000810  2               
000810  2               .macro sprstore2 offset
000810  2               	pha
000810  2               	sprset offset
000810  2               	pla
000810  2               	sta veradat2
000810  2               .endmacro
000810  2               
000810  2               .macro video_init
000810  2               	lda #0
000810  2               	sta veractl ; set ADDR1 active
000810  2               	sta veramid
000810  2               	lda #$1F    ; $F0000 increment 1
000810  2               	sta verahi
000810  2               	lda #$00
000810  2               	sta veralo
000810  2               	lda #1
000810  2               	sta veradat ; VGA output
000810  2               .endmacro
000810  2               
000810  2               .endif
000810  2               
000810  1               
000810  1               ; VRAM Addresses
000810  1               VRAM_layer0_map   = $00000
000810  1               VRAM_layer1_map   = $00800
000810  1               VRAM_tiles        = $01000
000810  1               
000810  1               HIMEM = $a000
000810  1               
000810  1               SCREEN_WIDTH = 320
000810  1               SCREEN_HEIGHT = 240
000810  1               LEVEL_TILES_WIDTH = 32
000810  1               LEVEL_WIDTH = LEVEL_TILES_WIDTH*16
000810  1               LEVEL_HEIGHT = 32*16
000810  1               
000810  1               TILE_SOLID_GROUND = 32
000810  1               TILE_SOLID_LADER = 33
000810  1               
000810  1               ;---------------------------------
000810  1               ; joystick management
000810  1               ;---------------------------------
000810  1               
000810  1               JOY_RIGHT 	= %00000001
000810  1               JOY_LEFT 	= %00000010
000810  1               JOY_DOWN 	= %00000100
000810  1               JOY_UP 		= %00001000
000810  1               
000810  1               .macro VCOPY from, to, blocks
000810  1               	LOAD_r0 from
000810  1               	LOAD_r1 (to & $00ffff)
000810  1               	ldy #(to >> 16)
000810  1               	ldx #(blocks)
000810  1               	jsr Vera::vcopy
000810  1               .endmacro
000810  1               
000810  1               ;-----------------------------------------------------------------------------
000810  1               ;/////////////////////////////////////////////////////////////////////////////
000810  1               ; START Vera code
000810  1               ;\\\\\\\\\\\\\\\\\\\\\\\\\\\\\\\\\\\\\\\\\\\\\\\\\\\\\\\\\\\\\\\\\\\\\\\\\\\\\
000810  1               ;-----------------------------------------------------------------------------
000810  1               
000810  1               .macro LOAD_FILE filename, length, ram
000810  1               	lda #1
000810  1               	ldx #8
000810  1               	ldy #0
000810  1               	jsr SETLFS
000810  1               	lda #length
000810  1               	ldx #<filename
000810  1               	ldy #>filename
000810  1               	jsr SETNAM
000810  1               	lda #0
000810  1               	ldx #<ram
000810  1               	ldy #>ram
000810  1               	jsr LOAD
000810  1               .endmacro
000810  1               
000810  1               .scope Vera
000810  1               
000810  1               .macro VLOAD_FILE filename, length, vram
000810  1               	lda #1
000810  1               	ldx #8
000810  1               	ldy #0
000810  1               	jsr SETLFS
000810  1               	lda #length
000810  1               	ldx #<filename
000810  1               	ldy #>filename
000810  1               	jsr SETNAM
000810  1               	lda #(^vram + 2)
000810  1               	ldx #<vram
000810  1               	ldy #>vram
000810  1               	jsr LOAD
000810  1               .endmacro
000810  1               
000810  1               ;
000810  1               ; copy from rom to vram
000810  1               ;	r0 : from
000810  1               ;	r1 : to (first 16 bites)
000810  1               ;   	y : vera bank (0, 1)
000810  1               ;	X: blocks
000810  1               ;
000810  1               vcopy:
000810  1  A9 00        	lda #0
000812  1  8D 25 9F     	sta veractl
000815  1  98           	tya
000816  1  09 10        	ora #$10
000818  1  8D 22 9F     	sta verahi
00081B  1  A5 05        	lda r1H
00081D  1  8D 21 9F     	sta veramid
000820  1  A5 04        	lda r1L
000822  1  8D 20 9F     	sta veralo
000825  1               
000825  1               @loop:
000825  1  A0 00            ldy #0
000827  1               @loop1tile:
000827  1  B1 02        	lda (r0),y                         	; read from tiles data
000829  1  8D 23 9F         sta veradat                      	; Write to VRAM with +1 Autoincrement
00082C  1  C8               iny
00082D  1  D0 F8            bne @loop1tile
00082F  1               
00082F  1  E6 03        	inc r0H
000831  1  CA           	dex
000832  1  D0 F1        	bne @loop
000834  1  60           	rts
000835  1               .endscope
000835  1               
000835  1               
000835  1               .include "layers.asm"
000835  2               ;-----------------------------------------------------------------------------
000835  2               ;/////////////////////////////////////////////////////////////////////////////
000835  2               ; START Layers code
000835  2               ;\\\\\\\\\\\\\\\\\\\\\\\\\\\\\\\\\\\\\\\\\\\\\\\\\\\\\\\\\\\\\\\\\\\\\\\\\\\\\
000835  2               ;-----------------------------------------------------------------------------
000835  2               
000835  2               .scope Layers
000835  2               HSCROLL = 0
000835  2               VSCROLL = 2
000835  2               
000835  2               ; define size of tiles for layer
000835  2               .macro VTILEMODE layer, mode
000835  2               	lda veral0tilebase + layer * 7
000835  2               	and #VERA_CLEAR_TILE_SIZE
000835  2               	ora #mode
000835  2               	sta veral0tilebase + layer * 7
000835  2               .endmacro
000835  2               
000835  2               ; define number of tiles in the map
000835  2               .macro VCONFIG_TILES layer,mode
000835  2               	lda veral0config + layer * 7
000835  2               	and #VERA_CONFIG_CLEAR_TILES
000835  2               	ora #mode
000835  2               	sta veral0config + layer * 7
000835  2               .endmacro
000835  2               
000835  2               ; define number of colors for the map
000835  2               .macro VCONFIG_DEPTH layer,mode
000835  2               	lda veral0config + layer * 7
000835  2               	and #VERA_CONFIG_CLEAR_DEPTH
000835  2               	ora #mode
000835  2               	sta veral0config + layer * 7
000835  2               .endmacro
000835  2               
000835  2               ; set the tilebase for the layer
000835  2               .macro VTILEBASE layer,addr
000835  2                   lda veral0tilebase + layer * 7                  ; set memory for tilebase
000835  2               	and #VERA_TILEBASE_CLEAR_ADR
000835  2               	ora #(addr >> 9)
000835  2               	sta veral0tilebase + layer * 7
000835  2               .endmacro
000835  2               
000835  2               ; set the mapbase for the layer
000835  2               .macro VMAPBASE layer,addr
000835  2                   lda #(addr >> 9)         ; store 2 last bits
000835  2                   sta veral0mapbase + layer * 7                   ; Store to Map Base Pointer
000835  2               .endmacro
000835  2               
000835  2               ;
000835  2               ; increase layer scrolling with a 8bits limit
000835  2               ;	X: : 0 = horizontal
000835  2               ;	   : 2 = vertical
000835  2               ;	Y: limit
000835  2               ;
000835  2               scroll_inc_8:
000835  2  84 02        	sty r0L
000837  2  BD 37 9F     	lda VERA_L1_hscrolllo, x
00083A  2  C5 02        	cmp r0L
00083C  2  F0 0C        	beq @noscroll
00083E  2               @scrollinc:
00083E  2  1A           	inc
00083F  2  9D 37 9F     	sta VERA_L1_hscrolllo, x
000842  2  D0 03        	bne @scrolled
000844  2  FE 38 9F     	inc VERA_L1_hscrollhi, x
000847  2               @scrolled:
000847  2  A9 01        	lda #01		; clear ZERO => scrolled
000849  2  60           	rts
00084A  2               @noscroll:
00084A  2  A9 00        	lda #00		; set ZERO => noscroll
00084C  2  60           	rts
00084D  2               
00084D  2               ;
00084D  2               ; increase layer scrolling with a 16bits limit
00084D  2               ;	X: : 0 = horizontal
00084D  2               ;	   : 2 = vertical
00084D  2               ;	r0L: limit
00084D  2               ;
00084D  2               scroll_inc_16:
00084D  2  BD 37 9F     	lda VERA_L1_hscrolllo, x
000850  2  C5 02        	cmp r0L
000852  2  D0 09        	bne @scrollinc								; if low bits are not equals to the limit low bits => safe to increase
000854  2  A8           	tay
000855  2  BD 38 9F     	lda VERA_L1_hscrollhi, x
000858  2  C5 03        	cmp r0H
00085A  2  F0 0D        	beq @noscroll								; if high bits are equals to the limit high bits => we reached the limit
00085C  2  98           	tya
00085D  2               @scrollinc:
00085D  2  1A           	inc
00085E  2  9D 37 9F     	sta VERA_L1_hscrolllo, x
000861  2  D0 03        	bne @scrolled
000863  2  FE 38 9F     	inc VERA_L1_hscrollhi, x
000866  2               @scrolled:
000866  2  A9 01        	lda #01	; clear ZERO => scrolled
000868  2  60           	rts
000869  2               @noscroll:
000869  2  A9 00        	lda #00	; set ZERO => noscroll
00086B  2  60           	rts
00086C  2               
00086C  2               ; increase a layer scroll offset but do NOT overlap
00086C  2               .macro VSCROLL_INC direction,limit
00086C  2               .if limit > 255
00086C  2               	LOAD_r0 limit
00086C  2               	ldx #direction
00086C  2               	jsr Layers::scroll_inc_16
00086C  2               .else
00086C  2               	ldy #limit
00086C  2               	ldx #direction
00086C  2               	jsr Layers::scroll_inc_8
00086C  2               .endif
00086C  2               .endmacro
00086C  2               
00086C  2               ;
00086C  2               ;
00086C  2               ; decrease a layer scroll offset
00086C  2               ;	X : 0 = horizontal
00086C  2               ;	  : 2 = vertical
00086C  2               ;
00086C  2               scroll_dec:
00086C  2  BD 37 9F     	lda VERA_L1_hscrolllo, x
00086F  2  F0 06        	beq @scrollHI			; 00 => decrease high bits
000871  2  3A           	dec
000872  2  9D 37 9F     	sta VERA_L1_hscrolllo, x
000875  2  80 0E        	bra @scrolled
000877  2               @scrollHI:
000877  2  BC 38 9F     	ldy VERA_L1_hscrollhi, x
00087A  2  F0 0C        	beq @noscroll		; 0000 => no scrolling
00087C  2  3A           	dec
00087D  2  9D 37 9F     	sta VERA_L1_hscrolllo, x
000880  2  88           	dey
000881  2  98           	tya
000882  2  9D 38 9F     	sta VERA_L1_hscrollhi, x
000885  2               
000885  2               @scrolled:
000885  2  A9 01        	lda #01		; clear ZERO => scrolled
000887  2  60           	rts
000888  2               
000888  2               @noscroll:
000888  2  A9 00        	lda #00		; set ZERO => noscroll
00088A  2  60           	rts
00088B  2               
00088B  2               ;
00088B  2               ; force layer0 scrolling to be half of the layer1 scrolling
00088B  2               ;
00088B  2               scroll_l0:
00088B  2  BD 38 9F     	lda VERA_L1_hscrollhi, x	; layer0 hScroll is layer 1 / 2
00088E  2  4A           	lsr
00088F  2  9D 31 9F     	sta VERA_L0_hscrollhi, x
000892  2  BD 37 9F     	lda VERA_L1_hscrolllo, x
000895  2  6A           	ror
000896  2  9D 30 9F     	sta VERA_L0_hscrolllo, x
000899  2  60           	rts
00089A  2               .endscope
00089A  2               
00089A  1               .include "sprites.asm"
00089A  2               ;-----------------------------------------------------------------------------
00089A  2               ;/////////////////////////////////////////////////////////////////////////////
00089A  2               ; START Sprite code
00089A  2               ;\\\\\\\\\\\\\\\\\\\\\\\\\\\\\\\\\\\\\\\\\\\\\\\\\\\\\\\\\\\\\\\\\\\\\\\\\\\\\
00089A  2               ;-----------------------------------------------------------------------------
00089A  2               
00089A  2               .struct VSPRITE
00089A  2               	address125 .byte
00089A  2               	mode_xxx_address1613 .byte
00089A  2               	x70 .byte
00089A  2               	x98 .byte
00089A  2               	y70 .byte
00089A  2               	y98 .byte
00089A  2               	collision_zdepth_vflip_hflip .byte
00089A  2               	height_width_offset .byte
00089A  2               .endstruct
00089A  2               
00089A  2               .scope Sprite
00089A  2               ;
00089A  2               ; create a table with the VERA @addr for each sprite
00089A  2               ;
00089A  2               init_addr_table:
00089A  2               	; start of the sprites in VERA memory
00089A  2  A9 00        	lda #<vram_sprd
00089C  2  85 02        	sta r0L
00089E  2  A9 FC        	lda #>vram_sprd
0008A0  2  85 03        	sta r0H
0008A2  2               
0008A2  2  A2 80        	ldx #128
0008A4  2  A0 00        	ldy #0
0008A6  2                @loop:
0008A6  2  A5 03        	lda r0H
0008A8  2  99 38 0F     	sta sprites_table,y
0008AB  2  C8           	iny
0008AC  2  A5 02        	lda r0L
0008AE  2  99 38 0F     	sta sprites_table,y
0008B1  2  C8           	iny
0008B2  2               
0008B2  2  18           	clc
0008B3  2  A5 02        	lda r0L
0008B5  2  69 08        	adc #8
0008B7  2  85 02        	sta r0L
0008B9  2  A5 03        	lda r0H
0008BB  2  69 00        	adc #0
0008BD  2  85 03        	sta r0H	; move to next sprite
0008BF  2               
0008BF  2  CA           	dex
0008C0  2  D0 E4        	bne @loop
0008C2  2               
0008C2  2  60           	rts
0008C3  2               
0008C3  2               ;
0008C3  2               ; the the VERA memory pointer to sprite Y + attribute X
0008C3  2               ;	Y = sprite index
0008C3  2               ;	X = attribute offset
0008C3  2               ;
0008C3  2               vram:
0008C3  2  DA           	phx			; save X on the stack
0008C4  2               
0008C4  2  98           	tya			; index of the sprite
0008C5  2  0A           	asl
0008C6  2  A8           	tay			; index of the address of the sprite (y*2)
0008C7  2               
0008C7  2  A9 00        	lda #0
0008C9  2  8D 25 9F     	sta veractl
0008CC  2  A9 11        	lda #<(vram_sprd >> 16) | $10
0008CE  2  8D 22 9F     	sta verahi
0008D1  2  B9 38 0F     	lda sprites_table, y
0008D4  2  8D 21 9F     	sta veramid
0008D7  2  C8           	iny
0008D8  2  BA           	tsx
0008D9  2  BD 01 01     	lda $0101,x	; reload X from the stack
0008DC  2  79 38 0F     	adc sprites_table, y
0008DF  2  8D 20 9F     	sta veralo	; vera = $1fc00 + sprite index (X) * 8
0008E2  2  FA           	plx
0008E3  2  60           	rts
0008E4  2               
0008E4  2               load:
0008E4  2  20 FE 08     	jsr set_bitmap
0008E7  2               
0008E7  2  9C 23 9F     	stz veradat					; x = 0
0008EA  2  9C 23 9F     	stz veradat
0008ED  2  9C 23 9F     	stz veradat					; y = 0
0008F0  2  9C 23 9F     	stz veradat
0008F3  2  A9 00        	lda #%00000000				; collision mask + sprite = disabled + vflip=none + hflip=none
0008F5  2  8D 23 9F     	sta veradat
0008F8  2  A9 A0        	lda #%10100000				; 32x32 sprite
0008FA  2  8D 23 9F     	sta veradat
0008FD  2  60           	rts
0008FE  2               
0008FE  2               ;
0008FE  2               ; change the address of the bitmap for the sprite
0008FE  2               ;	Y = sprite index
0008FE  2               ;	r0 = vera memory (12:5)
0008FE  2               ;
0008FE  2               set_bitmap:
0008FE  2  A2 00        	ldx #VSPRITE::address125
000900  2  20 C3 08     	jsr vram			; set very pointer to the address of the bitmap
000903  2               
000903  2  A5 02        	lda r0L
000905  2  8D 23 9F     	sta veradat
000908  2  A5 03        	lda r0H
00090A  2  09 80        	ora #$80						; M = 8 bits
00090C  2  8D 23 9F     	sta veradat
00090F  2               
00090F  2  60           	rts
000910  2               ;
000910  2               ; change the display byte for a sprite
000910  2               ;	Y = sprite index
000910  2               ;	X = display value to set
000910  2               ;
000910  2               display:
000910  2  86 02        	stx r0L		; save X for later
000912  2               
000912  2               	; set vram memory on the X sprite
000912  2  A2 06        	ldx #VSPRITE::collision_zdepth_vflip_hflip
000914  2  20 C3 08     	jsr vram
000917  2               
000917  2  A5 02        	lda r0L
000919  2  8D 23 9F     	sta veradat
00091C  2  60           	rts
00091D  2               
00091D  2               ;
00091D  2               ; define position of sprite
00091D  2               ;	Y = sprite index
00091D  2               ;	r0 = addr of word X & word Y
00091D  2               ;
00091D  2               position:
00091D  2               	; set vram memory on the X sprite
00091D  2  A2 02        	ldx #VSPRITE::x70
00091F  2  20 C3 08     	jsr vram
000922  2               
000922  2  A0 01        	ldy #1
000924  2  B2 02        	lda (r0L)
000926  2  8D 23 9F     	sta veradat
000929  2  B1 02        	lda (r0L),y
00092B  2  8D 23 9F     	sta veradat
00092E  2  C8           	iny
00092F  2  B1 02        	lda (r0L),y
000931  2  8D 23 9F     	sta veradat
000934  2  C8           	iny
000935  2  B1 02        	lda (r0L),y
000937  2  8D 23 9F     	sta veradat
00093A  2  60           	rts
00093B  2               
00093B  2               ;
00093B  2               ; Change the flipping of a sprite
00093B  2               ;	Y = sprite index
00093B  2               ;	A = value to set
00093B  2               ;
00093B  2               set_flip:
00093B  2  85 30        	sta $30
00093D  2  84 31        	sty $31
00093F  2               
00093F  2               	; set vram memory on the X sprite
00093F  2  A2 06        	ldx #VSPRITE::collision_zdepth_vflip_hflip
000941  2  20 C3 08     	jsr vram
000944  2               
000944  2  AD 23 9F     	lda veradat				;get current value
000947  2  29 FC        	and #SPRITE_FLIP_CLEAR
000949  2  05 30        	ora $30					; change only the flip value
00094B  2  85 30        	sta $30
00094D  2               
00094D  2  A4 31        	ldy $31
00094F  2  A2 06        	ldx #VSPRITE::collision_zdepth_vflip_hflip
000951  2  20 C3 08     	jsr vram
000954  2  A5 30        	lda $30
000956  2  8D 23 9F     	sta veradat
000959  2  60           	rts
00095A  2               .endscope
00095A  2               
00095A  1               .include "player.asm"
00095A  2               ;-----------------------------------------------------------------------------
00095A  2               ;/////////////////////////////////////////////////////////////////////////////
00095A  2               ; START player code
00095A  2               ;\\\\\\\\\\\\\\\\\\\\\\\\\\\\\\\\\\\\\\\\\\\\\\\\\\\\\\\\\\\\\\\\\\\\\\\\\\\\\
00095A  2               ;-----------------------------------------------------------------------------
00095A  2               
00095A  2               PLAYER_SPRITE_ANIMATION = 3
00095A  2               PLAYER_SPRITE_FRONT = 0
00095A  2               PLAYER_SPRITE_LEFT = 3
00095A  2               PLAYER_SPRITE_BACK = 6
00095A  2               
00095A  2               .enum
00095A  2               	STATUS_WALKING_IDLE
00095A  2               	STATUS_WALKING
00095A  2               	STATUS_CLIMBING
00095A  2               	STATUS_CLIMBING_IDLE
00095A  2               	STATUS_FALLING
00095A  2               .endenum
00095A  2               
00095A  2               .struct PLAYER
00095A  2               	sprite			.byte	; sprite index
00095A  2               	status			.byte	; status of the player : IDLE, WALKING, CLIMBING, FALLING
00095A  2               	animation_tick	.byte
00095A  2               	spriteID 		.byte	; current animation loop start
00095A  2               	spriteAnim 		.byte	; current frame
00095A  2               	spriteAnimDirection .byte ; direction of the animation
00095A  2               	px 				.word	; relative X & Y on screen
00095A  2               	py 				.word
00095A  2               	levelx			.word	; absolute X & Y in the level
00095A  2               	levely			.word
00095A  2               	flip 			.byte
00095A  2               	tilemap			.word	; cached @ of the tilemap equivalent of the center of the player
00095A  2               	vera_bitmaps    .res 	2*9	; 9 words to store vera bitmaps address
00095A  2               .endstruct
00095A  2               
00095A  2               .macro m_status value
00095A  2               	lda #(value)
00095A  2               	sta player0 + PLAYER::status
00095A  2               .endmacro
00095A  2               
00095A  2               .scope Player
00095A  2               init:
00095A  2  9C 15 0F     	stz player0 + PLAYER::sprite
00095D  2  A9 0A        	lda #10
00095F  2  8D 17 0F     	sta player0 + PLAYER::animation_tick
000962  2  A9 00        	lda #STATUS_WALKING_IDLE
000964  2  8D 16 0F     	sta player0 + PLAYER::status
000967  2  A9 03        	lda #PLAYER_SPRITE_LEFT
000969  2  8D 18 0F     	sta player0 + PLAYER::spriteID
00096C  2  9C 19 0F     	stz player0 + PLAYER::spriteAnim
00096F  2  A9 01        	lda #1
000971  2  8D 1A 0F     	sta player0 + PLAYER::spriteAnimDirection
000974  2  9C 1B 0F     	stz player0 + PLAYER::px
000977  2  9C 1C 0F     	stz player0 + PLAYER::px+1
00097A  2  9C 1D 0F     	stz player0 + PLAYER::py
00097D  2  9C 1E 0F     	stz player0 + PLAYER::py+1
000980  2  9C 1F 0F     	stz player0 + PLAYER::levelx
000983  2  9C 20 0F     	stz player0 + PLAYER::levelx+1
000986  2  9C 21 0F     	stz player0 + PLAYER::levely
000989  2  9C 22 0F     	stz player0 + PLAYER::levely+1
00098C  2  9C 23 0F     	stz player0 + PLAYER::flip
00098F  2               
00098F  2               	; load sprites data at the end of the tiles
00098F  2  A9 01 A2 08  	VLOAD_FILE fssprite, (fsspriteend-fssprite), (VRAM_tiles + tiles * tile_size)
000993  2  A0 00 20 BA  
000997  2  FF A9 0B A2  
0009AA  2               
0009AA  2  AD 26 0F     	lda player0 + PLAYER::vera_bitmaps
0009AD  2  85 02        	sta r0L
0009AF  2  AD 27 0F     	lda player0 + PLAYER::vera_bitmaps+1
0009B2  2  85 03        	sta r0H
0009B4  2               
0009B4  2  A0 00        	ldy #0
0009B6  2  20 E4 08     	jsr Sprite::load
0009B9  2               
0009B9  2               	; turn sprite 0 on
0009B9  2  A0 00        	ldy #0
0009BB  2  A2 0C        	ldx #SPRITE_ZDEPTH_TOP
0009BD  2  20 10 09     	jsr Sprite::display
0009C0  2               
0009C0  2               	; register the vera simplified memory 12:5
0009C0  2  A2 00        	ldx #0
0009C2  2  A0 09        	ldy #9
0009C4  2  A9 00 85 04  	LOAD_r1 (VRAM_tiles + tiles * tile_size)
0009C8  2  A9 37 85 05  
0009CC  2               
0009CC  2               @loop:
0009CC  2               	; load full VERA memory (12:0) into R0
0009CC  2  A5 04        	lda r1L
0009CE  2  85 02        	sta r0L
0009D0  2  A5 05        	lda r1H
0009D2  2  85 03        	sta r0H
0009D4  2               
0009D4  2               	; convert full addr to vera mode (bit shiting >> 5)
0009D4  2  A5 03        	lda r0H
0009D6  2  4A           	lsr
0009D7  2  66 02        	ror r0L
0009D9  2  4A           	lsr
0009DA  2  66 02        	ror r0L
0009DC  2  4A           	lsr
0009DD  2  66 02        	ror r0L
0009DF  2  4A           	lsr
0009E0  2  66 02        	ror r0L						; bit shift 4x 16 bits vera memory
0009E2  2  4A           	lsr
0009E3  2  66 02        	ror r0L						; bit shift 4x 16 bits vera memory
0009E5  2               
0009E5  2               	; store 12:5 into our cache
0009E5  2  9D 26 0F     	sta player0 + PLAYER::vera_bitmaps, x
0009E8  2  E8           	inx
0009E9  2  A5 02        	lda r0L
0009EB  2  9D 26 0F     	sta player0 + PLAYER::vera_bitmaps, x
0009EE  2  E8           	inx
0009EF  2               
0009EF  2               	; increase the vram (+4 r1H = +1024 r1)
0009EF  2  18           	clc
0009F0  2  A5 05        	lda r1H
0009F2  2  69 04        	adc #4
0009F4  2  85 05        	sta r1H
0009F6  2               
0009F6  2  88           	dey
0009F7  2  D0 D3        	bne @loop
0009F9  2               
0009F9  2               	; set first bitmap
0009F9  2  20 0B 0A     	jsr set_bitmap
0009FC  2  60           	rts
0009FD  2               
0009FD  2               ;
0009FD  2               ; force the current player sprite at its position
0009FD  2               ;
0009FD  2               position_set:
0009FD  2  A0 00        	ldy #0
0009FF  2  A9 1B 85 02  	LOAD_r0 (player0 + PLAYER::px)
000A03  2  A9 0F 85 03  
000A07  2  20 1D 09     	jsr Sprite::position			; set position of the sprite
000A0A  2  60           	rts
000A0B  2               
000A0B  2               ;
000A0B  2               ; change the player bitmap
000A0B  2               ;
000A0B  2               set_bitmap:
000A0B  2  18           	clc
000A0C  2  AD 19 0F     	lda player0 + PLAYER::spriteAnim
000A0F  2  6D 18 0F     	adc player0 + PLAYER::spriteID
000A12  2  0A           	asl						; convert sprite index to work position
000A13  2  AA           	tax
000A14  2               
000A14  2               	; extract the vera bitmap address in vera format (12:5 bits)
000A14  2  BD 26 0F     	lda player0 + PLAYER::vera_bitmaps, x
000A17  2  85 03        	sta r0H
000A19  2  BD 27 0F     	lda player0 + PLAYER::vera_bitmaps + 1, x
000A1C  2  85 02        	sta r0L
000A1E  2               
000A1E  2  A0 00        	ldy #0
000A20  2  20 FE 08     	jsr Sprite::set_bitmap
000A23  2  60           	rts
000A24  2               
000A24  2               ;
000A24  2               ; increase player X position
000A24  2               ;
000A24  2               position_x_inc:
000A24  2               	; move the absolute position levelx + 1
000A24  2  AD 1F 0F     	lda player0 + PLAYER::levelx
000A27  2  AE 20 0F     	ldx player0 + PLAYER::levelx + 1
000A2A  2  C9 E0        	cmp #<(LEVEL_WIDTH - 32)
000A2C  2  D0 04        	bne @incLOW1
000A2E  2  E0 01        	cpx #>(LEVEL_WIDTH - 32)
000A30  2  F0 46        	beq @no_move						; we are at the level limit
000A32  2               @incLOW1:
000A32  2  1A           	inc
000A33  2  8D 1F 0F     	sta player0 + PLAYER::levelx
000A36  2  D0 04        	bne @inc_screen_x
000A38  2               @incHi:
000A38  2  E8           	inx
000A39  2  8E 20 0F     	stx player0 + PLAYER::levelx + 1
000A3C  2               
000A3C  2               @inc_screen_x:
000A3C  2               	; distance from layer border to sprite absolute position
000A3C  2  38           	sec
000A3D  2  AD 1F 0F     	lda player0 + PLAYER::levelx
000A40  2  ED 37 9F     	sbc VERA_L1_hscrolllo
000A43  2  85 02        	sta r0L
000A45  2  AD 20 0F     	lda player0 + PLAYER::levelx + 1
000A48  2  ED 38 9F     	sbc VERA_L1_hscrollhi
000A4B  2  85 03        	sta r0H
000A4D  2               
000A4D  2  D0 15        	bne @move_sprite_upper
000A4F  2  A5 02        	lda r0L
000A51  2  C9 E0        	cmp #<(SCREEN_WIDTH	- 96)
000A53  2  90 19        	bcc @move_sprite
000A55  2               
000A55  2               @move_layers:
000A55  2               	; keep the sprite onscreen 224, for level 224->416
000A55  2  A0 BF A2 00  	VSCROLL_INC Layers::HSCROLL,(32*16-320 - 1)	; 32 tiles * 16 pixels per tiles - 320 screen pixels
000A59  2  20 35 08     
000A5C  2  F0 06        	beq @move_sprite_upper
000A5E  2  A2 00        	ldx #Layers::HSCROLL
000A60  2  20 8B 08     	jsr Layers::scroll_l0
000A63  2  60           	rts
000A64  2               
000A64  2               @move_sprite_upper:
000A64  2  AD 1B 0F     	lda player0 + PLAYER::px
000A67  2  AE 1C 0F     	ldx player0 + PLAYER::px + 1
000A6A  2  1A           	inc
000A6B  2  D0 01        	bne @move_sprite
000A6D  2  E8           	inx
000A6E  2               
000A6E  2               @move_sprite:
000A6E  2  8D 1B 0F     	sta player0 + PLAYER::px
000A71  2  8E 1C 0F     	stx player0 + PLAYER::px + 1
000A74  2  20 FD 09     	jsr Player::position_set
000A77  2  60           	rts
000A78  2               
000A78  2               @no_move:
000A78  2  60           	rts
000A79  2               ;
000A79  2               ; decrease player position X unless at 0
000A79  2               ;
000A79  2               position_x_dec:
000A79  2               	; move the absolute position levelx + 1
000A79  2  AD 1F 0F     	lda player0 + PLAYER::levelx
000A7C  2  D0 05        	bne @decLOW
000A7E  2  AE 20 0F     	ldx player0 + PLAYER::levelx + 1
000A81  2  F0 49        	beq @no_move						; we are at Y == 0
000A83  2               @decLOW:
000A83  2  3A           	dec
000A84  2  8D 1F 0F     	sta player0 + PLAYER::levelx
000A87  2  C9 FF        	cmp #$ff
000A89  2  D0 04        	bne @dec_screen_x
000A8B  2               @decHi:
000A8B  2  CA           	dex
000A8C  2  8E 20 0F     	stx player0 + PLAYER::levelx + 1
000A8F  2               
000A8F  2               @dec_screen_x:
000A8F  2               	; distance from layer border to sprite absolute position
000A8F  2  38           	sec
000A90  2  AD 1F 0F     	lda player0 + PLAYER::levelx
000A93  2  ED 37 9F     	sbc VERA_L1_hscrolllo
000A96  2  85 02        	sta r0L
000A98  2  AD 20 0F     	lda player0 + PLAYER::levelx + 1
000A9B  2  ED 38 9F     	sbc VERA_L1_hscrollhi
000A9E  2  85 03        	sta r0H
000AA0  2               
000AA0  2  D0 15        	bne @move_sprite_lower				; > 256, we are far off from the border, so move the sprite
000AA2  2               
000AA2  2  A5 02        	lda r0L
000AA4  2  30 11        	bmi @move_sprite_lower					; > 127, move the sprites
000AA6  2  C9 40        	cmp #64
000AA8  2  B0 0D        	bcs @move_sprite_lower					; if > 64, move the sprites
000AAA  2               
000AAA  2               @move_layers:
000AAA  2               	; keep the sprite onscreen 224, for level 224->416
000AAA  2  A2 00        	ldx #Layers::HSCROLL
000AAC  2  20 6C 08     	jsr Layers::scroll_dec
000AAF  2  F0 06        	beq @move_sprite_lower
000AB1  2  A2 00        	ldx #Layers::HSCROLL
000AB3  2  20 8B 08     	jsr Layers::scroll_l0
000AB6  2  60           	rts
000AB7  2               
000AB7  2               @move_sprite_lower:
000AB7  2  AD 1B 0F     	lda player0 + PLAYER::px
000ABA  2  AE 1C 0F     	ldx player0 + PLAYER::px + 1
000ABD  2  3A           	dec
000ABE  2  C9 FF        	cmp #$ff
000AC0  2  D0 01        	bne @move_sprite
000AC2  2  CA           	dex
000AC3  2               
000AC3  2               @move_sprite:
000AC3  2  8D 1B 0F     	sta player0 + PLAYER::px
000AC6  2  8E 1C 0F     	stx player0 + PLAYER::px + 1
000AC9  2  20 FD 09     	jsr Player::position_set
000ACC  2               
000ACC  2               @no_move:
000ACC  2  60           	rts
000ACD  2               
000ACD  2               ;
000ACD  2               ; increase player Y position
000ACD  2               ;
000ACD  2               position_y_inc:
000ACD  2               	; move the absolute position levelx + 1
000ACD  2  AD 21 0F     	lda player0 + PLAYER::levely
000AD0  2  AE 22 0F     	ldx player0 + PLAYER::levely + 1
000AD3  2  C9 E0        	cmp #<(LEVEL_HEIGHT - 32)
000AD5  2  D0 04        	bne @incLOW1
000AD7  2  E0 01        	cpx #>(LEVEL_HEIGHT - 32)
000AD9  2  F0 4C        	beq @no_move						; we are at the level limit
000ADB  2               @incLOW1:
000ADB  2  1A           	inc
000ADC  2  8D 21 0F     	sta player0 + PLAYER::levely
000ADF  2  D0 04        	bne @inc_screen_y
000AE1  2               @incHi:
000AE1  2  E8           	inx
000AE2  2  8E 22 0F     	stx player0 + PLAYER::levely + 1
000AE5  2               
000AE5  2               @inc_screen_y:
000AE5  2               	; distance from layer border to sprite absolute position
000AE5  2  38           	sec
000AE6  2  AD 21 0F     	lda player0 + PLAYER::levely
000AE9  2  ED 39 9F     	sbc veral1vscrolllo
000AEC  2  85 02        	sta r0L
000AEE  2  AD 22 0F     	lda player0 + PLAYER::levely + 1
000AF1  2  ED 3A 9F     	sbc veral1vscrollhi
000AF4  2  85 03        	sta r0H
000AF6  2               
000AF6  2  D0 1B        	bne @move_sprite_upper
000AF8  2  A5 02        	lda r0L
000AFA  2  C9 B0        	cmp #<(SCREEN_HEIGHT - 64)
000AFC  2  90 1F        	bcc @move_sprite
000AFE  2               
000AFE  2               @move_layers:
000AFE  2               	; keep the sprite onscreen 224, for level 224->416
000AFE  2  A9 0F 85 02  	VSCROLL_INC Layers::VSCROLL,(32*16-240 - 1)	; 32 tiles * 16 pixels per tiles - 240 screen pixels
000B02  2  A9 01 85 03  
000B06  2  A2 02 20 4D  
000B0B  2  F0 06        	beq @move_sprite_upper
000B0D  2  A2 02        	ldx #Layers::VSCROLL
000B0F  2  20 8B 08     	jsr Layers::scroll_l0
000B12  2  60           	rts
000B13  2               
000B13  2               @move_sprite_upper:
000B13  2  AD 1D 0F     	lda player0 + PLAYER::py
000B16  2  AE 1E 0F     	ldx player0 + PLAYER::py + 1
000B19  2  1A           	inc
000B1A  2  D0 01        	bne @move_sprite
000B1C  2  E8           	inx
000B1D  2               
000B1D  2               @move_sprite:
000B1D  2  8D 1D 0F     	sta player0 + PLAYER::py
000B20  2  8E 1E 0F     	stx player0 + PLAYER::py + 1
000B23  2  20 FD 09     	jsr Player::position_set
000B26  2  60           	rts
000B27  2               
000B27  2               @no_move:
000B27  2  60           	rts
000B28  2               
000B28  2               ;;
000B28  2  AD 1D 0F     	lda player0 + PLAYER::py
000B2B  2  C9 D0        	cmp #(SCREEN_HEIGHT-32)
000B2D  2  F0 09        	beq @moveleftP0
000B2F  2  1A           	inc
000B30  2  8D 1D 0F     	sta player0 + PLAYER::py
000B33  2  D0 03        	bne @moveleftP0
000B35  2  EE 1E 0F     	inc player0 + PLAYER::py + 1
000B38  2               @moveleftP0:
000B38  2  20 FD 09     	jsr Player::position_set
000B3B  2  60           	rts
000B3C  2               
000B3C  2               ;
000B3C  2               ; decrease player position X unless at 0
000B3C  2               ;
000B3C  2               position_y_dec:
000B3C  2               	; move the absolute position levelx + 1
000B3C  2  AD 21 0F     	lda player0 + PLAYER::levely
000B3F  2  D0 05        	bne @decLOW
000B41  2  AE 22 0F     	ldx player0 + PLAYER::levely + 1
000B44  2  F0 49        	beq @no_move						; we are at Y == 0
000B46  2               @decLOW:
000B46  2  3A           	dec
000B47  2  8D 21 0F     	sta player0 + PLAYER::levely
000B4A  2  C9 FF        	cmp #$ff
000B4C  2  D0 04        	bne @dec_screen_y
000B4E  2               @decHi:
000B4E  2  CA           	dex
000B4F  2  8E 22 0F     	stx player0 + PLAYER::levely + 1
000B52  2               
000B52  2               @dec_screen_y:
000B52  2               	; distance from layer border to sprite absolute position
000B52  2  38           	sec
000B53  2  AD 21 0F     	lda player0 + PLAYER::levely
000B56  2  ED 39 9F     	sbc veral1vscrolllo
000B59  2  85 02        	sta r0L
000B5B  2  AD 22 0F     	lda player0 + PLAYER::levely + 1
000B5E  2  ED 3A 9F     	sbc veral1vscrollhi
000B61  2  85 03        	sta r0H
000B63  2               
000B63  2  D0 15        	bne @move_sprite_lower				; > 256, we are far off from the border, so move the sprite
000B65  2               
000B65  2  A5 02        	lda r0L
000B67  2  30 11        	bmi @move_sprite_lower					; > 127, move the sprites
000B69  2  C9 20        	cmp #32
000B6B  2  B0 0D        	bcs @move_sprite_lower					; if > 32, move the sprites
000B6D  2               
000B6D  2               @move_layers:
000B6D  2               	; keep the sprite onscreen 224, for level 224->416
000B6D  2  A2 02        	ldx #Layers::VSCROLL
000B6F  2  20 6C 08     	jsr Layers::scroll_dec
000B72  2  F0 06        	beq @move_sprite_lower
000B74  2  A2 02        	ldx #Layers::VSCROLL
000B76  2  20 8B 08     	jsr Layers::scroll_l0
000B79  2  60           	rts
000B7A  2               
000B7A  2               @move_sprite_lower:
000B7A  2  AD 1D 0F     	lda player0 + PLAYER::py
000B7D  2  AE 1E 0F     	ldx player0 + PLAYER::py + 1
000B80  2  3A           	dec
000B81  2  C9 FF        	cmp #$ff
000B83  2  D0 01        	bne @move_sprite
000B85  2  CA           	dex
000B86  2               
000B86  2               @move_sprite:
000B86  2  8D 1D 0F     	sta player0 + PLAYER::py
000B89  2  8E 1E 0F     	stx player0 + PLAYER::py + 1
000B8C  2  20 FD 09     	jsr Player::position_set
000B8F  2               
000B8F  2               @no_move:
000B8F  2  60           	rts
000B90  2               
000B90  2               ;
000B90  2               ; hide the current sprite
000B90  2               ;
000B90  2               hide1:
000B90  2  DB           	stp
000B91  2  18           	clc
000B92  2  AD 19 0F     	lda player0 + PLAYER::spriteAnim
000B95  2  6D 18 0F     	adc player0 + PLAYER::spriteID
000B98  2  A8           	tay		; sprite index
000B99  2  A2 00        	ldx #SPRITE_ZDEPTH_DISABLED
000B9B  2  20 10 09     	jsr Sprite::display			; turn current sprite off
000B9E  2  60           	rts
000B9F  2               
000B9F  2               ;
000B9F  2               ; Animate the player if needed
000B9F  2               ;
000B9F  2               animate:
000B9F  2  AD 16 0F     	lda player0 + PLAYER::status
000BA2  2  C9 00        	cmp #STATUS_WALKING_IDLE
000BA4  2  F0 3A        	beq @end
000BA6  2  C9 04        	cmp #STATUS_FALLING
000BA8  2  F0 36        	beq @end
000BAA  2  C9 03        	cmp #STATUS_CLIMBING_IDLE
000BAC  2  F0 32        	beq @end
000BAE  2               
000BAE  2  CE 17 0F     	dec player0 + PLAYER::animation_tick
000BB1  2  D0 2D        	bne @end
000BB3  2               
000BB3  2  A9 0A        	lda #10
000BB5  2  8D 17 0F     	sta player0 + PLAYER::animation_tick	; reset animation tick counter
000BB8  2               
000BB8  2  18           	clc
000BB9  2  AD 19 0F     	lda player0 + PLAYER::spriteAnim
000BBC  2  6D 1A 0F     	adc player0 + PLAYER::spriteAnimDirection
000BBF  2  F0 06        	beq @set_sprite_anim_increase					; reached 0
000BC1  2  C9 03        	cmp #3
000BC3  2  F0 0B        	beq @set_sprite_anim_decrease
000BC5  2  80 10        	bra @set_sprite_on
000BC7  2               @set_sprite_anim_increase:
000BC7  2  A9 01        	lda #01
000BC9  2  8D 1A 0F     	sta player0 + PLAYER::spriteAnimDirection
000BCC  2  A9 00        	lda #0
000BCE  2  80 07        	bra @set_sprite_on
000BD0  2               @set_sprite_anim_decrease:
000BD0  2  A9 FF        	lda #$ff
000BD2  2  8D 1A 0F     	sta player0 + PLAYER::spriteAnimDirection
000BD5  2  A9 02        	lda #2
000BD7  2               @set_sprite_on:
000BD7  2  8D 19 0F     	sta player0 + PLAYER::spriteAnim	; turn next sprite on
000BDA  2  20 0B 0A     	jsr Player::set_bitmap
000BDD  2  20 FD 09     	jsr Player::position_set
000BE0  2               @end:
000BE0  2  60           	rts
000BE1  2               
000BE1  2               ;
000BE1  2               ; position of the player on the layer1 tilemap
000BE1  2               ;
000BE1  2               get_tilemap_position:
000BE1  2  18           	clc
000BE2  2  AD 21 0F     	lda player0 + PLAYER::levely		; sprite screen position
000BE5  2  85 02        	sta r0L
000BE7  2  AD 22 0F     	lda player0 + PLAYER::levely + 1
000BEA  2  85 03        	sta r0H							; r0 = sprite absolute position Y in the level
000BEC  2               
000BEC  2  A5 02        	lda r0L
000BEE  2               	;adc #16							; half height of the player
000BEE  2  29 F0        	and #%11110000
000BF0  2  85 02        	sta r0L
000BF2  2  A5 03        	lda r0H
000BF4  2               	;adc #0							; # add the carry
000BF4  2  85 03        	sta r0H
000BF6  2  A5 02        	lda r0L
000BF8  2  0A           	asl
000BF9  2  26 03        	rol r0H
000BFB  2  85 02        	sta r0L 						; r0 = first tile of the tilemap in the row
000BFD  2               									; spriteY / 16 (convert to tile Y) * 32 (number of tiles per row in the tile map)
000BFD  2               
000BFD  2  AD 1F 0F     	lda player0 + PLAYER::levelx		; sprite screen position
000C00  2  85 04        	sta r1L
000C02  2  AD 20 0F     	lda player0 + PLAYER::levelx + 1
000C05  2  85 05        	sta r1H							; r1 = sprite absolute position X in the level
000C07  2               
000C07  2  18           	clc
000C08  2  A5 04        	lda r1L
000C0A  2  69 10        	adc #(LEVEL_TILES_WIDTH / 2)	; helf width of the player
000C0C  2  85 04        	sta r1L
000C0E  2  A5 05        	lda r1H
000C10  2  69 00        	adc #0
000C12  2  4A           	lsr
000C13  2  66 04        	ror r1L
000C15  2  4A           	lsr
000C16  2  66 04        	ror r1L
000C18  2  4A           	lsr
000C19  2  66 04        	ror r1L
000C1B  2  4A           	lsr
000C1C  2  66 04        	ror r1L
000C1E  2  85 05        	sta r1H 					; r1 = tile X in the row
000C20  2               								; sprite X /16 (convert to tile X)
000C20  2               
000C20  2  18           	clc
000C21  2  A5 02        	lda r0L
000C23  2  65 04        	adc r1L
000C25  2  85 02        	sta r0L
000C27  2  A5 03        	lda r0H
000C29  2  65 05        	adc r1H
000C2B  2  85 03        	sta r0H						; r0 = tile position in the tilemap
000C2D  2               
000C2D  2  18           	clc
000C2E  2  A5 03        	lda r0H
000C30  2  69 A0        	adc #>HIMEM
000C32  2  85 03        	sta r0H						; r0 = tile position in the memory tilemap
000C34  2  60           	rts
000C35  2               
000C35  2               ;
000C35  2               ; force player status to be idle
000C35  2               ;
000C35  2               set_idle:
000C35  2  AD 16 0F     	lda player0 + PLAYER::status
000C38  2  C9 01        	cmp #STATUS_WALKING
000C3A  2  F0 09        	beq @set_idle_walking
000C3C  2  C9 04        	cmp #STATUS_FALLING
000C3E  2  F0 05        	beq @set_idle_walking
000C40  2  C9 02        	cmp #STATUS_CLIMBING
000C42  2  F0 07        	beq @set_idle_climbing
000C44  2               
000C44  2  60           	rts							; keep the current value
000C45  2               
000C45  2               @set_idle_walking:
000C45  2  A9 00 8D 16  	m_status STATUS_WALKING_IDLE
000C49  2  0F           
000C4A  2  60           	rts
000C4B  2               
000C4B  2               @set_idle_climbing:
000C4B  2  A9 03 8D 16  	m_status STATUS_CLIMBING_IDLE
000C4F  2  0F           
000C50  2  60           	rts
000C51  2               
000C51  2               ;
000C51  2               ; check if the player sits on a solid tile
000C51  2               ;
000C51  2               physics:
000C51  2  20 E1 0B     	jsr get_tilemap_position
000C54  2               
000C54  2               	; test tile below
000C54  2  A0 40        	ldy #64						; test the tile BELOW the player
000C56  2  B1 02        	lda (r0L),y					; tile value at the position
000C58  2  D0 08        	bne @sit_on_solid			; solid tile, keep the player there
000C5A  2               
000C5A  2               	; let the player fall
000C5A  2  A9 04        	lda #STATUS_FALLING
000C5C  2  8D 16 0F     	sta player0 + PLAYER::status
000C5F  2               
000C5F  2  20 CD 0A     	jsr position_y_inc
000C62  2               
000C62  2               @sit_on_solid:
000C62  2               
000C62  2  A5 02 8D 24  	SAVE_r0 player0 + PLAYER::tilemap	; cache the tilemap @
000C66  2  0F A5 03 8D  
000C6A  2  25 0F        
000C6C  2  60           	rts
000C6D  2               
000C6D  2               ;
000C6D  2               ; check collision on the right
000C6D  2               ;
000C6D  2               check_collision_right:
000C6D  2  A0 01        	ldy #1						; test the tile on the right of the player
000C6F  2  AD 24 0F     	lda player0 + PLAYER::tilemap
000C72  2  85 02        	sta r0L
000C74  2  AD 25 0F     	lda player0 + PLAYER::tilemap + 1
000C77  2  85 03        	sta r0H
000C79  2  B1 02        	lda (r0L),y
000C7B  2  60           	rts
000C7C  2               
000C7C  2               ;
000C7C  2               ; check collision down
000C7C  2               ;
000C7C  2               check_collision_down:
000C7C  2  AD 24 0F     	lda player0 + PLAYER::tilemap
000C7F  2  85 02        	sta r0L
000C81  2  AD 25 0F     	lda player0 + PLAYER::tilemap + 1
000C84  2  85 03        	sta r0H
000C86  2  B1 02        	lda (r0L),y
000C88  2  60           	rts
000C89  2               
000C89  2               ;
000C89  2               ; check collision up
000C89  2               ;
000C89  2               check_collision_up:
000C89  2               	;sec
000C89  2  AD 24 0F     	lda player0 + PLAYER::tilemap
000C8C  2               	;sbc #32
000C8C  2  85 02        	sta r0L
000C8E  2  AD 25 0F     	lda player0 + PLAYER::tilemap + 1
000C91  2               	;sbc #0
000C91  2  85 03        	sta r0H
000C93  2  B1 02        	lda (r0L),y
000C95  2  60           	rts
000C96  2               
000C96  2               ;
000C96  2               ; check collision on the left
000C96  2               ;
000C96  2               check_collision_left:
000C96  2  38           	sec
000C97  2  AD 24 0F     	lda player0 + PLAYER::tilemap
000C9A  2  E9 01        	sbc #1				; test the tile on the left of the player
000C9C  2  85 02        	sta r0L
000C9E  2  AD 25 0F     	lda player0 + PLAYER::tilemap + 1
000CA1  2  E9 00        	sbc #0
000CA3  2  85 03        	sta r0H
000CA5  2  B2 02        	lda (r0L)
000CA7  2  60           	rts
000CA8  2               
000CA8  2               ;
000CA8  2               ; Try to move player to the right
000CA8  2               ;
000CA8  2               move_right:
000CA8  2  AD 16 0F     	lda player0 + PLAYER::status
000CAB  2  C9 04        	cmp #STATUS_FALLING
000CAD  2  F0 38        	beq @return						; cannot move when falling
000CAF  2               
000CAF  2  20 6D 0C     	jsr Player::check_collision_right
000CB2  2  F0 04        	beq @move
000CB4  2               
000CB4  2  C9 21        	cmp #TILE_SOLID_LADER
000CB6  2  D0 2F        	bne @return						; LADDERS can be traversed
000CB8  2               
000CB8  2               @move:
000CB8  2  AD 16 0F     	lda player0 + PLAYER::status
000CBB  2  C9 02        	cmp #STATUS_CLIMBING
000CBD  2  F0 22        	beq @keep_climbing_sprite
000CBF  2  C9 03        	cmp #STATUS_CLIMBING_IDLE
000CC1  2  F0 1E        	beq @keep_climbing_sprite
000CC3  2               
000CC3  2               @set_walking_sprite:
000CC3  2  A9 01        	lda #SPRITE_FLIP_H
000CC5  2  8D 23 0F     	sta player0 + PLAYER::flip
000CC8  2  A0 00        	ldy #0
000CCA  2  20 3B 09     	jsr Sprite::set_flip				; force sprite to look right
000CCD  2               
000CCD  2  A9 01 8D 16  	m_status STATUS_WALKING
000CD1  2  0F           
000CD2  2               
000CD2  2               	;change player sprite
000CD2  2  A9 03        	lda #PLAYER_SPRITE_LEFT
000CD4  2  CD 18 0F     	cmp player0 + PLAYER::spriteID
000CD7  2  F0 08        	beq @move_x
000CD9  2               
000CD9  2  A9 03        	lda #PLAYER_SPRITE_LEFT
000CDB  2  8D 18 0F     	sta player0 + PLAYER::spriteID
000CDE  2  20 0B 0A     	jsr set_bitmap
000CE1  2               
000CE1  2               @keep_climbing_sprite:
000CE1  2               @move_x:
000CE1  2  20 24 0A     	jsr Player::position_x_inc		; move the player in the level, and the screen layers and sprite
000CE4  2  20 FD 09     	jsr position_set
000CE7  2               
000CE7  2               @return:
000CE7  2  60           	rts
000CE8  2               
000CE8  2               ;
000CE8  2               ; try to move the player to the left
000CE8  2               ;
000CE8  2               move_left:
000CE8  2  AD 16 0F     	lda player0 + PLAYER::status
000CEB  2  C9 04        	cmp #STATUS_FALLING
000CED  2  F0 38        	beq @return						; cannot move when falling
000CEF  2               
000CEF  2  20 96 0C     	jsr Player::check_collision_left
000CF2  2  F0 04        	beq @move
000CF4  2               
000CF4  2  C9 21        	cmp #TILE_SOLID_LADER
000CF6  2  D0 2F        	bne @return						; LADDERS can be traversed
000CF8  2               
000CF8  2               @move:
000CF8  2  AD 16 0F     	lda player0 + PLAYER::status
000CFB  2  C9 02        	cmp #STATUS_CLIMBING
000CFD  2  F0 22        	beq @keep_climbing_sprite
000CFF  2  C9 03        	cmp #STATUS_CLIMBING_IDLE
000D01  2  F0 1E        	beq @keep_climbing_sprite
000D03  2               
000D03  2               @set_walking_sprite:
000D03  2  A9 00        	lda #SPRITE_FLIP_NONE
000D05  2  8D 23 0F     	sta player0 + PLAYER::flip
000D08  2  A0 00        	ldy #0
000D0A  2  20 3B 09     	jsr Sprite::set_flip				; force sprite to loop right
000D0D  2               
000D0D  2  A9 01 8D 16  	m_status STATUS_WALKING
000D11  2  0F           
000D12  2               
000D12  2  A9 03        	lda #PLAYER_SPRITE_LEFT
000D14  2  CD 18 0F     	cmp player0 + PLAYER::spriteID
000D17  2  F0 08        	beq @move_x
000D19  2               
000D19  2               	;change player sprite
000D19  2  A9 03        	lda #PLAYER_SPRITE_LEFT
000D1B  2  8D 18 0F     	sta player0 + PLAYER::spriteID
000D1E  2  20 0B 0A     	jsr set_bitmap
000D21  2               
000D21  2               @keep_climbing_sprite:
000D21  2               @move_x:
000D21  2  20 79 0A     	jsr Player::position_x_dec
000D24  2  20 FD 09     	jsr position_set
000D27  2               
000D27  2               @return:
000D27  2  60           	rts
000D28  2               
000D28  2               ;
000D28  2               ; try to move the player down (crouch, hide, move down a ladder)
000D28  2               ;
000D28  2               move_down:
000D28  2  AD 16 0F     	lda player0 + PLAYER::status
000D2B  2  C9 04        	cmp #STATUS_FALLING
000D2D  2  F0 23        	beq @return						; cannot move when falling
000D2F  2               
000D2F  2  A0 40        	ldy #(LEVEL_TILES_WIDTH * 2)
000D31  2  20 7C 0C     	jsr Player::check_collision_down
000D34  2  C9 21        	cmp #TILE_SOLID_LADER
000D36  2  D0 1A        	bne @return						; solid collision below, block move
000D38  2               
000D38  2  20 CD 0A     	jsr Player::position_y_inc		; move down the ladder
000D3B  2               
000D3B  2  A9 02 8D 16  	m_status STATUS_CLIMBING
000D3F  2  0F           
000D40  2               
000D40  2  A9 06        	lda #PLAYER_SPRITE_BACK
000D42  2  CD 18 0F     	cmp player0 + PLAYER::spriteID
000D45  2  F0 0B        	beq @return
000D47  2               
000D47  2               	;change player sprite
000D47  2  A9 06        	lda #PLAYER_SPRITE_BACK
000D49  2  8D 18 0F     	sta player0 + PLAYER::spriteID
000D4C  2  20 0B 0A     	jsr set_bitmap
000D4F  2  20 FD 09     	jsr position_set
000D52  2               
000D52  2               @return:
000D52  2  60           	rts
000D53  2               
000D53  2               ;
000D53  2               ; try to move the player up (move up a ladder)
000D53  2               ;
000D53  2               move_up:
000D53  2  AD 16 0F     	lda player0 + PLAYER::status
000D56  2  C9 04        	cmp #STATUS_FALLING
000D58  2  F0 3C        	beq @return						; cannot move when falling
000D5A  2               
000D5A  2  A0 00        	ldy #0
000D5C  2  20 89 0C     	jsr Player::check_collision_up	; test at head
000D5F  2  C9 21        	cmp #TILE_SOLID_LADER
000D61  2  F0 19        	beq @climb						; solid collision below, block move
000D63  2               
000D63  2  A0 20        	ldy #LEVEL_TILES_WIDTH
000D65  2  20 89 0C     	jsr Player::check_collision_up	; test at hip
000D68  2  C9 21        	cmp #TILE_SOLID_LADER
000D6A  2  F0 10        	beq @climb						; solid collision below, block move
000D6C  2               
000D6C  2  AD 21 0F     	lda player0 + PLAYER::levely	; if player is not on a multiple of 16 (tile size)
000D6F  2  29 0F        	and #%00001111
000D71  2  F0 23        	beq @return
000D73  2               
000D73  2               	; the player covers 3 vertical tiles
000D73  2  A0 40        	ldy #(LEVEL_TILES_WIDTH * 2)
000D75  2  20 89 0C     	jsr Player::check_collision_up	; test at feet
000D78  2  C9 21        	cmp #TILE_SOLID_LADER
000D7A  2  D0 1A        	bne @return						; solid collision below, block move
000D7C  2               
000D7C  2               @climb:
000D7C  2  20 3C 0B     	jsr Player::position_y_dec		; move down the ladder
000D7F  2               
000D7F  2  A9 02 8D 16  	m_status STATUS_CLIMBING
000D83  2  0F           
000D84  2               
000D84  2  A9 06        	lda #PLAYER_SPRITE_BACK
000D86  2  CD 18 0F     	cmp player0 + PLAYER::spriteID
000D89  2  F0 0B        	beq @return
000D8B  2               
000D8B  2               	;change player sprite
000D8B  2  A9 06        	lda #PLAYER_SPRITE_BACK
000D8D  2  8D 18 0F     	sta player0 + PLAYER::spriteID
000D90  2  20 0B 0A     	jsr set_bitmap
000D93  2  20 FD 09     	jsr position_set
000D96  2               
000D96  2               @return:
000D96  2  60           	rts
000D97  2               
000D97  2               .endscope
000D97  2               
000D97  1               
000D97  1               ;-----------------------------------------------------------------------------
000D97  1               ;/////////////////////////////////////////////////////////////////////////////
000D97  1               ; main code
000D97  1               ;\\\\\\\\\\\\\\\\\\\\\\\\\\\\\\\\\\\\\\\\\\\\\\\\\\\\\\\\\\\\\\\\\\\\\\\\\\\\\
000D97  1               ;-----------------------------------------------------------------------------
000D97  1               
000D97  1               start:
000D97  1               	; 320x240
000D97  1  A9 40        	lda #64
000D99  1  8D 2A 9F     	sta veradchscale
000D9C  1  8D 2B 9F     	sta veradcvscale
000D9F  1               
000D9F  1               	; activate layer0
000D9F  1  A9 71        	lda #%01110001
000DA1  1               ;	and #(255-VERA_LAYER0)
000DA1  1               ;	ora #(VERA_LAYER1)             ; Read Video Register
000DA1  1  8D 29 9F     	sta veradcvideo             ; Store new value to Video Register
000DA4  1               
000DA4  1               	;---------------------------------
000DA4  1               	; load tiles file into vram
000DA4  1               	;---------------------------------
000DA4  1  A9 01 A2 08  	VLOAD_FILE fstile, (fstileend-fstile), VRAM_tiles
000DA8  1  A0 00 20 BA  
000DAC  1  FF A9 09 A2  
000DBF  1               
000DBF  1               	;---------------------------------
000DBF  1               	; load tilemaps into vram
000DBF  1               	;---------------------------------
000DBF  1               setlayer0:
000DBF  1  AD 2D 9F 29  	VCONFIG_TILES 0,VERA_CONFIG_32x32
000DC3  1  0F 09 00 8D  
000DC7  1  2D 9F        
000DC9  1  AD 2D 9F 29  	VCONFIG_DEPTH 0,VERA_CONFIG_8BPP
000DCD  1  0F 09 03 8D  
000DD1  1  2D 9F        
000DD3  1  A9 00 8D 2E  	VMAPBASE 0, VRAM_layer0_map
000DD7  1  9F           
000DD8  1  AD 2F 9F 29  	VTILEBASE 0, VRAM_tiles
000DDC  1  03 09 08 8D  
000DE0  1  2F 9F        
000DE2  1  AD 2F 9F 29  	VTILEMODE 0,VERA_TILE_16x16
000DE6  1  FC 09 03 8D  
000DEA  1  2F 9F        
000DEC  1  A9 01 A2 08  	VLOAD_FILE fsbackground, (fsbackground_end-fsbackground), VRAM_layer0_map
000DF0  1  A0 00 20 BA  
000DF4  1  FF A9 0B A2  
000E07  1               
000E07  1               setlayer1:
000E07  1  AD 34 9F 29  	VCONFIG_TILES 1,VERA_CONFIG_32x32
000E0B  1  0F 09 00 8D  
000E0F  1  34 9F        
000E11  1  AD 34 9F 29  	VCONFIG_DEPTH 1,VERA_CONFIG_8BPP
000E15  1  0F 09 03 8D  
000E19  1  34 9F        
000E1B  1  A9 04 8D 35  	VMAPBASE 1, VRAM_layer1_map
000E1F  1  9F           
000E20  1  AD 36 9F 29  	VTILEBASE 1, VRAM_tiles
000E24  1  03 09 08 8D  
000E28  1  36 9F        
000E2A  1  AD 36 9F 29  	VTILEMODE 1,VERA_TILE_16x16
000E2E  1  FC 09 03 8D  
000E32  1  36 9F        
000E34  1  A9 01 A2 08  	VLOAD_FILE fslevel, (fslevel_end-fslevel), VRAM_layer1_map
000E38  1  A0 00 20 BA  
000E3C  1  FF A9 09 A2  
000E4F  1               
000E4F  1               	;---------------------------------
000E4F  1               	; load collisionmap into ram
000E4F  1               	;---------------------------------
000E4F  1  A9 00        	lda #0
000E51  1  85 00        	sta $00
000E53  1  A9 01 A2 08  	LOAD_FILE fscollision, (fscollision_end-fscollision), HIMEM
000E57  1  A0 00 20 BA  
000E5B  1  FF A9 0D A2  
000E6E  1               
000E6E  1               	;---------------------------------
000E6E  1               	; load sprite 0,1,2 into vram
000E6E  1               	;---------------------------------
000E6E  1               load_sprites:
000E6E  1               	; prepare VERA sprites
000E6E  1  20 9A 08     	jsr Sprite::init_addr_table
000E71  1               
000E71  1  A9 00 85 02  	LOAD_r0 (VRAM_tiles + tiles * tile_size)	; base for the sprites
000E75  1  A9 37 85 03  
000E79  1  20 5A 09     	jsr Player::init
000E7C  1               
000E7C  1               setirq:
000E7C  1                  ; backup default RAM IRQ vector
000E7C  1  AD 14 03        lda IRQVec
000E7F  1  8D 12 0F        sta default_irq_vector
000E82  1  AD 15 03        lda IRQVec+1
000E85  1  8D 13 0F        sta default_irq_vector+1
000E88  1               
000E88  1                  ; overwrite RAM IRQ vector with custom handler address
000E88  1  78              sei ; disable IRQ while vector is changing
000E89  1  A9 9D           lda #<custom_irq_handler
000E8B  1  8D 14 03        sta IRQVec
000E8E  1  A9 0E           lda #>custom_irq_handler
000E90  1  8D 15 03        sta IRQVec+1
000E93  1  A9 01           lda #VERA_VSYNC_BIT ; make VERA only generate VSYNC IRQs
000E95  1  8D 26 9F        sta veraien
000E98  1  58              cli ; enable IRQ now that vector is properly set
000E99  1               
000E99  1               mainloop:
000E99  1  CB           	wai
000E9A  1               	; do nothing in main loop, just let ISR do everything
000E9A  1  80 FD        	bra mainloop
000E9C  1               
000E9C  1  60           	rts
000E9D  1               
000E9D  1               ;-----------------------------------------------------------------------------
000E9D  1               ;/////////////////////////////////////////////////////////////////////////////
000E9D  1               ; deal with IRQ"s
000E9D  1               ;\\\\\\\\\\\\\\\\\\\\\\\\\\\\\\\\\\\\\\\\\\\\\\\\\\\\\\\\\\\\\\\\\\\\\\\\\\\\\
000E9D  1               ;-----------------------------------------------------------------------------
000E9D  1               custom_irq_handler:
000E9D  1  AD 27 9F        lda veraisr
000EA0  1  29 01           and #VERA_VSYNC_BIT
000EA2  1  F0 1E           beq continue 	; non-VSYNC IRQ, no tick update
000EA4  1               
000EA4  1               	;---------------------------------
000EA4  1               	; animate sprite
000EA4  1               	;---------------------------------
000EA4  1  20 9F 0B     	jsr Player::animate
000EA7  1               
000EA7  1               	;---------------------------------
000EA7  1               	; player physics
000EA7  1               	;---------------------------------
000EA7  1  20 51 0C     	jsr Player::physics
000EAA  1               
000EAA  1               	;---------------------------------
000EAA  1               	; check keyboard
000EAA  1               	;---------------------------------
000EAA  1               @check_keyboard:
000EAA  1  A9 00        	lda #0
000EAC  1  20 56 FF     	jsr joystick_get
000EAF  1               
000EAF  1               ;  .A, byte 0:      | 7 | 6 | 5 | 4 | 3 | 2 | 1 | 0 |
000EAF  1               ;              NES  | A | B |SEL|STA|UP |DN |LT |RT |
000EAF  1               ;              SNES | B | Y |SEL|STA|UP |DN |LT |RT |
000EAF  1               ;
000EAF  1               ;  .X, byte 1:      | 7 | 6 | 5 | 4 | 3 | 2 | 1 | 0 |
000EAF  1               ;              NES  | 0 | 0 | 0 | 0 | 0 | 0 | 0 | X |
000EAF  1               ;              SNES | A | X | L | R | 1 | 1 | 1 | 1 |
000EAF  1               ;  .Y, byte 2:
000EAF  1               ;              $00 = joystick present
000EAF  1               ;              $FF = joystick not present
000EAF  1  89 01        	bit #JOY_RIGHT
000EB1  1  F0 17        	beq moveright
000EB3  1  89 02        	bit #JOY_LEFT
000EB5  1  F0 0E        	beq moveleft
000EB7  1  89 04        	bit #JOY_DOWN
000EB9  1  F0 19        	beq movedown
000EBB  1  89 08        	bit #JOY_UP
000EBD  1  F0 10        	beq moveup
000EBF  1               
000EBF  1  20 35 0C     	jsr Player::set_idle
000EC2  1               
000EC2  1               continue:
000EC2  1                  ; continue to default IRQ handler
000EC2  1  6C 12 0F        jmp (default_irq_vector)
000EC5  1                  ; RTI will happen after jump
000EC5  1               
000EC5  1               moveleft:
000EC5  1  20 E8 0C     	jsr Player::move_left
000EC8  1  80 F8        	bra continue
000ECA  1               
000ECA  1               moveright:
000ECA  1  20 A8 0C     	jsr Player::move_right
000ECD  1  80 F3        	bra continue
000ECF  1               
000ECF  1               moveup:
000ECF  1  20 53 0D     	jsr Player::move_up
000ED2  1  80 EE        	bra continue
000ED4  1               
000ED4  1               movedown:
000ED4  1  20 28 0D     	jsr Player::move_down
000ED7  1  80 E9        	bra continue
000ED9  1               
000ED9  1               .segment "DATA"
000ED9  1               .include "tilemap.inc"
000ED9  2               map:
000ED9  2  20 20        	.byte 32,32
000EDB  2  6C 65 76 65  fslevel: .literal "level.bin"
000EDF  2  6C 2E 62 69  
000EE3  2  6E           
000EE4  2               fslevel_end:
000EE4  2  73 63 65 6E  fsbackground: .literal "scenery.bin"
000EE8  2  65 72 79 2E  
000EEC  2  62 69 6E     
000EEF  2               fsbackground_end:
000EEF  2  63 6F 6C 6C  fscollision: .literal "collision.bin"
000EF3  2  69 73 69 6F  
000EF7  2  6E 2E 62 69  
000EFC  2               fscollision_end:
000EFC  2               tileset:
000EFC  2  10 10        	.byte 16,16
000EFE  2               tiles = 39
000EFE  2               tile_size = 256
000EFE  2  74 69 6C 65  fstile: .literal "tiles.bin"
000F02  2  73 2E 62 69  
000F06  2  6E           
000F07  2               fstileend:
000F07  2               
000F07  1               .include "sprite.inc"
000F07  2  73 70 72 69  fssprite:	.literal "sprites.bin"
000F0B  2  74 65 73 2E  
000F0F  2  62 69 6E     
000F12  2               fsspriteend:
000F12  2               sprites = 9
000F12  2               sprite_size = 1024
000F12  2               
000F12  1               
000F12  1  00 00        default_irq_vector: .addr 0
000F14  1               
000F14  1               .segment "BSS"
000F14  1  xx           keyboard: .res 1
000F15  1  xx xx xx xx  player0: .tag PLAYER
000F19  1  xx xx xx xx  
000F1D  1  xx xx xx xx  
000F38  1  xx xx xx xx  sprites_table: .res 256		; VERA memory of each of the 256 sprites
000F3C  1  xx xx xx xx  
000F40  1  xx xx xx xx  
000F38  1               
